Log line 1
Air Malta sucks
Log line 3
Log line 4
Log line 7